Copyright 1986-2021 Xilinx, Inc. All Rights Reserved.
----------------------------------------------------------------------------------------------
| Tool Version      : Vivado v.2021.2 (lin64) Build 3367213 Tue Oct 19 02:47:39 MDT 2021
| Date              : Wed Apr 15 12:45:05 2026
| Host              : ece-lnx-10 running 64-bit Red Hat Enterprise Linux release 8.10 (Ootpa)
| Command           : report_timing_summary -file ./outputs/post_route_timing_summary.rpt
| Design            : bnn_fcc_timing
| Device            : xcu250-figd2104
| Speed File        : -2L  PRODUCTION 1.27 02-28-2020
| Temperature Grade : E
----------------------------------------------------------------------------------------------

Timing Summary Report

------------------------------------------------------------------------------------------------
| Timer Settings
| --------------
------------------------------------------------------------------------------------------------

  Enable Multi Corner Analysis               :  Yes
  Enable Pessimism Removal                   :  Yes
  Pessimism Removal Resolution               :  Nearest Common Node
  Enable Input Delay Default Clock           :  No
  Enable Preset / Clear Arcs                 :  No
  Disable Flight Delays                      :  No
  Ignore I/O Paths                           :  No
  Timing Early Launch at Borrowing Latches   :  No
  Borrow Time for Max Delay Exceptions       :  Yes
  Merge Timing Exceptions                    :  Yes

  Corner  Analyze    Analyze    
  Name    Max Paths  Min Paths  
  ------  ---------  ---------  
  Slow    Yes        Yes        
  Fast    Yes        Yes        


------------------------------------------------------------------------------------------------
| Report Methodology
| ------------------
------------------------------------------------------------------------------------------------

Rule       Severity  Description                                 Violations  
---------  --------  ------------------------------------------  ----------  
SYNTH-4    Warning   Shallow depth for a dedicated block RAM     8           
SYNTH-6    Warning   Timing of a RAM block might be sub-optimal  46          
SYNTH-11   Warning   DSP output not registered                   1           
TIMING-16  Warning   Large setup violation                       100         
TIMING-18  Warning   Missing input or output delay               155         

Note: This report is based on the most recent report_methodology run and may not be up-to-date. Run report_methodology on the current design for the latest report.



check_timing report

Table of Contents
-----------------
1. checking no_clock (0)
2. checking constant_clock (0)
3. checking pulse_width_clock (0)
4. checking unconstrained_internal_endpoints (0)
5. checking no_input_delay (86)
6. checking no_output_delay (9)
7. checking multiple_clock (0)
8. checking generated_clocks (0)
9. checking loops (0)
10. checking partial_input_delay (0)
11. checking partial_output_delay (0)
12. checking latch_loops (0)

1. checking no_clock (0)
------------------------
 There are 0 register/latch pins with no clock.


2. checking constant_clock (0)
------------------------------
 There are 0 register/latch pins with constant_clock.


3. checking pulse_width_clock (0)
---------------------------------
 There are 0 register/latch pins which need pulse_width check


4. checking unconstrained_internal_endpoints (0)
------------------------------------------------
 There are 0 pins that are not constrained for maximum delay.

 There are 0 pins that are not constrained for maximum delay due to constant clock.


5. checking no_input_delay (86)
-------------------------------
 There are 86 input ports with no input delay specified. (HIGH)

 There are 0 input ports with no input delay but user has a false path constraint.


6. checking no_output_delay (9)
-------------------------------
 There are 9 ports with no output delay specified. (HIGH)

 There are 0 ports with no output delay but user has a false path constraint

 There are 0 ports with no output delay but with a timing clock defined on it or propagating through it


7. checking multiple_clock (0)
------------------------------
 There are 0 register/latch pins with multiple clocks.


8. checking generated_clocks (0)
--------------------------------
 There are 0 generated clocks that are not connected to a clock source.


9. checking loops (0)
---------------------
 There are 0 combinational loops in the design.


10. checking partial_input_delay (0)
------------------------------------
 There are 0 input ports with partial input delay specified.


11. checking partial_output_delay (0)
-------------------------------------
 There are 0 ports with partial output delay specified.


12. checking latch_loops (0)
----------------------------
 There are 0 combinational latch loops in the design through latch input



------------------------------------------------------------------------------------------------
| Design Timing Summary
| ---------------------
------------------------------------------------------------------------------------------------

    WNS(ns)      TNS(ns)  TNS Failing Endpoints  TNS Total Endpoints      WHS(ns)      THS(ns)  THS Failing Endpoints  THS Total Endpoints     WPWS(ns)     TPWS(ns)  TPWS Failing Endpoints  TPWS Total Endpoints  
    -------      -------  ---------------------  -------------------      -------      -------  ---------------------  -------------------     --------     --------  ----------------------  --------------------  
     -2.201    -4129.576                   7338                11647        0.003        0.000                      0                11647       -0.569      -46.370                     326                  5788  


Timing constraints are not met.


------------------------------------------------------------------------------------------------
| Clock Summary
| -------------
------------------------------------------------------------------------------------------------

Clock  Waveform(ns)         Period(ns)      Frequency(MHz)
-----  ------------         ----------      --------------
clk    {0.000 0.500}        1.000           1000.000        


------------------------------------------------------------------------------------------------
| Intra Clock Table
| -----------------
------------------------------------------------------------------------------------------------

Clock             WNS(ns)      TNS(ns)  TNS Failing Endpoints  TNS Total Endpoints      WHS(ns)      THS(ns)  THS Failing Endpoints  THS Total Endpoints     WPWS(ns)     TPWS(ns)  TPWS Failing Endpoints  TPWS Total Endpoints  
-----             -------      -------  ---------------------  -------------------      -------      -------  ---------------------  -------------------     --------     --------  ----------------------  --------------------  
clk                -2.201    -4129.576                   7338                11647        0.003        0.000                      0                11647       -0.569      -46.370                     326                  5788  


------------------------------------------------------------------------------------------------
| Inter Clock Table
| -----------------
------------------------------------------------------------------------------------------------

From Clock    To Clock          WNS(ns)      TNS(ns)  TNS Failing Endpoints  TNS Total Endpoints      WHS(ns)      THS(ns)  THS Failing Endpoints  THS Total Endpoints  
----------    --------          -------      -------  ---------------------  -------------------      -------      -------  ---------------------  -------------------  


------------------------------------------------------------------------------------------------
| Other Path Groups Table
| -----------------------
------------------------------------------------------------------------------------------------

Path Group    From Clock    To Clock          WNS(ns)      TNS(ns)  TNS Failing Endpoints  TNS Total Endpoints      WHS(ns)      THS(ns)  THS Failing Endpoints  THS Total Endpoints  
----------    ----------    --------          -------      -------  ---------------------  -------------------      -------      -------  ---------------------  -------------------  


------------------------------------------------------------------------------------------------
| Timing Details
| --------------
------------------------------------------------------------------------------------------------


---------------------------------------------------------------------------------------------------
From Clock:  clk
  To Clock:  clk

Setup :         7338  Failing Endpoints,  Worst Slack       -2.201ns,  Total Violation    -4129.576ns
Hold  :            0  Failing Endpoints,  Worst Slack        0.003ns,  Total Violation        0.000ns
PW    :          326  Failing Endpoints,  Worst Slack       -0.569ns,  Total Violation      -46.370ns
---------------------------------------------------------------------------------------------------


Max Delay Paths
--------------------------------------------------------------------------------------
Slack (VIOLATED) :        -2.201ns  (required time - arrival time)
  Source:                 DUT/u_bnn_core/l3_popcounts_r_reg[28]/C
                            (rising edge-triggered cell FDRE clocked by clk  {rise@0.000ns fall@0.500ns period=1.000ns})
  Destination:            DUT/data_out_data_r_reg[1]/D
                            (rising edge-triggered cell FDRE clocked by clk  {rise@0.000ns fall@0.500ns period=1.000ns})
  Path Group:             clk
  Path Type:              Setup (Max at Slow Process Corner)
  Requirement:            1.000ns  (clk rise@1.000ns - clk rise@0.000ns)
  Data Path Delay:        3.108ns  (logic 1.414ns (45.495%)  route 1.694ns (54.505%))
  Logic Levels:           12  (CARRY8=4 LUT3=1 LUT4=2 LUT5=2 LUT6=3)
  Clock Path Skew:        -0.083ns (DCD - SCD + CPR)
    Destination Clock Delay (DCD):    3.328ns = ( 4.328 - 1.000 ) 
    Source Clock Delay      (SCD):    3.731ns
    Clock Pessimism Removal (CPR):    0.320ns
  Clock Uncertainty:      0.035ns  ((TSJ^2 + TIJ^2)^1/2 + DJ) / 2 + PE
    Total System Jitter     (TSJ):    0.071ns
    Total Input Jitter      (TIJ):    0.000ns
    Discrete Jitter          (DJ):    0.000ns
    Phase Error              (PE):    0.000ns

    Location             Delay type                Incr(ns)  Path(ns)    Netlist Resource(s)
  -------------------------------------------------------------------    -------------------
                         (clock clk rise edge)        0.000     0.000 r  
                                                      0.000     0.000 r  clk (IN)
                         net (fo=5793, unset)         3.731     3.731    DUT/u_bnn_core/clk
    SLICE_X135Y676       FDRE                                         r  DUT/u_bnn_core/l3_popcounts_r_reg[28]/C
  -------------------------------------------------------------------    -------------------
    SLICE_X135Y676       FDRE (Prop_AFF2_SLICEL_C_Q)
                                                      0.081     3.812 r  DUT/u_bnn_core/l3_popcounts_r_reg[28]/Q
                         net (fo=4, routed)           0.122     3.934    DUT/u_bnn_core/core_popcounts_i[28]
    SLICE_X137Y676       LUT4 (Prop_A6LUT_SLICEM_I0_O)
                                                      0.150     4.084 r  DUT/u_bnn_core/i__carry_i_10__1/O
                         net (fo=1, routed)           0.013     4.097    DUT/u_argmax/stage3_max_temp1_carry_i_11_0[0]
    SLICE_X137Y676       CARRY8 (Prop_CARRY8_SLICEM_S[0]_CO[4])
                                                      0.216     4.313 r  DUT/u_argmax/stage1_max1_inferred__1/i__carry/CO[4]
                         net (fo=16, routed)          0.152     4.465    DUT/u_bnn_core/stage3_max_temp1_carry_i_6_3[0]
    SLICE_X136Y676       LUT3 (Prop_F6LUT_SLICEL_I1_O)
                                                      0.035     4.500 f  DUT/u_bnn_core/stage2_max1_carry_i_21/O
                         net (fo=3, routed)           0.177     4.677    DUT/u_bnn_core/l3_popcounts_r_reg[19]_0
    SLICE_X135Y675       LUT6 (Prop_G6LUT_SLICEL_I1_O)
                                                      0.089     4.766 r  DUT/u_bnn_core/stage2_max1_carry_i_5/O
                         net (fo=1, routed)           0.237     5.003    DUT/u_argmax/data_out_data_r_reg[1][0]
    SLICE_X135Y676       CARRY8 (Prop_CARRY8_SLICEL_DI[0]_CO[4])
                                                      0.183     5.186 r  DUT/u_argmax/stage2_max1_carry/CO[4]
                         net (fo=21, routed)          0.193     5.379    DUT/u_bnn_core/class_idx1_carry_i_6_0[0]
    SLICE_X136Y677       LUT5 (Prop_A6LUT_SLICEL_I3_O)
                                                      0.050     5.429 r  DUT/u_bnn_core/stage3_max_temp1_carry_i_14/O
                         net (fo=3, routed)           0.153     5.582    DUT/u_bnn_core/stage3_max_temp1_carry_i_14_n_0
    SLICE_X134Y677       LUT4 (Prop_D6LUT_SLICEL_I0_O)
                                                      0.099     5.681 r  DUT/u_bnn_core/stage3_max_temp1_carry_i_7/O
                         net (fo=1, routed)           0.009     5.690    DUT/u_argmax/data_out_data_r_reg[1]_2[3]
    SLICE_X134Y677       CARRY8 (Prop_CARRY8_SLICEL_S[3]_CO[4])
                                                      0.154     5.844 r  DUT/u_argmax/stage3_max_temp1_carry/CO[4]
                         net (fo=22, routed)          0.139     5.983    DUT/u_argmax/l3_popcounts_r_reg[17]_0[0]
    SLICE_X134Y676       LUT6 (Prop_G6LUT_SLICEL_I3_O)
                                                      0.035     6.018 r  DUT/u_argmax/class_idx1_carry_i_21/O
                         net (fo=1, routed)           0.086     6.104    DUT/u_bnn_core/class_idx1_carry
    SLICE_X133Y676       LUT6 (Prop_F6LUT_SLICEM_I0_O)
                                                      0.088     6.192 r  DUT/u_bnn_core/class_idx1_carry_i_5/O
                         net (fo=1, routed)           0.181     6.373    DUT/u_argmax/data_out_data_r_reg[2][0]
    SLICE_X133Y675       CARRY8 (Prop_CARRY8_SLICEM_DI[0]_CO[4])
                                                      0.184     6.557 r  DUT/u_argmax/class_idx1_carry/CO[4]
                         net (fo=4, routed)           0.182     6.739    DUT/u_argmax/class_idx1_carry_n_3
    SLICE_X132Y675       LUT5 (Prop_C6LUT_SLICEL_I4_O)
                                                      0.050     6.789 r  DUT/u_argmax/data_out_data_r[1]_i_1/O
                         net (fo=1, routed)           0.050     6.839    DUT/u_argmax_n_19
    SLICE_X132Y675       FDRE                                         r  DUT/data_out_data_r_reg[1]/D
  -------------------------------------------------------------------    -------------------

                         (clock clk rise edge)        1.000     1.000 r  
                                                      0.000     1.000 r  clk (IN)
                         net (fo=5793, unset)         3.328     4.328    DUT/clk
    SLICE_X132Y675       FDRE                                         r  DUT/data_out_data_r_reg[1]/C
                         clock pessimism              0.320     4.648    
                         clock uncertainty           -0.035     4.613    
    SLICE_X132Y675       FDRE (Setup_CFF_SLICEL_C_D)
                                                      0.025     4.638    DUT/data_out_data_r_reg[1]
  -------------------------------------------------------------------
                         required time                          4.638    
                         arrival time                          -6.839    
  -------------------------------------------------------------------
                         slack                                 -2.201    





Min Delay Paths
--------------------------------------------------------------------------------------
Slack (MET) :             0.003ns  (arrival time - required time)
  Source:                 DUT/u_bnn_core/layer2/gen_nps[7].u_np/stage_a_threshold_r_reg[2]/C
                            (rising edge-triggered cell FDRE clocked by clk  {rise@0.000ns fall@0.500ns period=1.000ns})
  Destination:            DUT/u_bnn_core/layer2/gen_nps[7].u_np/stage_b_threshold_r_reg[2]/D
                            (rising edge-triggered cell FDRE clocked by clk  {rise@0.000ns fall@0.500ns period=1.000ns})
  Path Group:             clk
  Path Type:              Hold (Min at Slow Process Corner)
  Requirement:            0.000ns  (clk rise@0.000ns - clk rise@0.000ns)
  Data Path Delay:        0.126ns  (logic 0.058ns (46.032%)  route 0.068ns (53.968%))
  Logic Levels:           0  
  Clock Path Skew:        0.061ns (DCD - SCD - CPR)
    Destination Clock Delay (DCD):    3.697ns
    Source Clock Delay      (SCD):    3.284ns
    Clock Pessimism Removal (CPR):    0.352ns

    Location             Delay type                Incr(ns)  Path(ns)    Netlist Resource(s)
  -------------------------------------------------------------------    -------------------
                         (clock clk rise edge)        0.000     0.000 r  
                                                      0.000     0.000 r  clk (IN)
                         net (fo=5793, unset)         3.284     3.284    DUT/u_bnn_core/layer2/gen_nps[7].u_np/clk
    SLICE_X130Y641       FDRE                                         r  DUT/u_bnn_core/layer2/gen_nps[7].u_np/stage_a_threshold_r_reg[2]/C
  -------------------------------------------------------------------    -------------------
    SLICE_X130Y641       FDRE (Prop_HFF_SLICEL_C_Q)
                                                      0.058     3.342 r  DUT/u_bnn_core/layer2/gen_nps[7].u_np/stage_a_threshold_r_reg[2]/Q
                         net (fo=1, routed)           0.068     3.410    DUT/u_bnn_core/layer2/gen_nps[7].u_np/stage_a_threshold_r[2]
    SLICE_X130Y642       FDRE                                         r  DUT/u_bnn_core/layer2/gen_nps[7].u_np/stage_b_threshold_r_reg[2]/D
  -------------------------------------------------------------------    -------------------

                         (clock clk rise edge)        0.000     0.000 r  
                                                      0.000     0.000 r  clk (IN)
                         net (fo=5793, unset)         3.697     3.697    DUT/u_bnn_core/layer2/gen_nps[7].u_np/clk
    SLICE_X130Y642       FDRE                                         r  DUT/u_bnn_core/layer2/gen_nps[7].u_np/stage_b_threshold_r_reg[2]/C
                         clock pessimism             -0.352     3.345    
    SLICE_X130Y642       FDRE (Hold_HFF2_SLICEL_C_D)
                                                      0.062     3.407    DUT/u_bnn_core/layer2/gen_nps[7].u_np/stage_b_threshold_r_reg[2]
  -------------------------------------------------------------------
                         required time                         -3.407    
                         arrival time                           3.410    
  -------------------------------------------------------------------
                         slack                                  0.003    





Pulse Width Checks
--------------------------------------------------------------------------------------
Clock Name:         clk
Waveform(ns):       { 0.000 0.500 }
Period(ns):         1.000
Sources:            { clk }

Check Type        Corner  Lib Pin             Reference Pin  Required(ns)  Actual(ns)  Slack(ns)  Location       Pin
Min Period        n/a     RAMB36E2/CLKARDCLK  n/a            1.569         1.000       -0.569     RAMB36_X8Y124  DUT/u_bnn_core/layer1/gen_memory_banks[0].u_weight_bank/mem_reg_bram_0/CLKARDCLK
Low Pulse Width   Slow    RAMB36E2/CLKARDCLK  n/a            0.542         0.500       -0.042     RAMB36_X9Y111  DUT/sel_0/CLKARDCLK
High Pulse Width  Slow    RAMB36E2/CLKARDCLK  n/a            0.542         0.500       -0.042     RAMB36_X9Y111  DUT/sel_0/CLKARDCLK



